Microchip MPLAB XC8 Compiler V2.20

Linker command line:

-W-3 --edf=C:\Program Files\Microchip\xc8\v2.20\pic\dat\en_msgs.txt -cn \
  -h+dist/default/debug\Ex5.1_LCD_8_Bits.X.debug.sym \
  --cmf=dist/default/debug\Ex5.1_LCD_8_Bits.X.debug.cmf -z -Q18F2550 \
  -oC:\Users\jrdin\AppData\Local\Temp\s7u4.2 --defsym=__MPLAB_BUILD=1 \
  -Mdist/default/debug/Ex5.1_LCD_8_Bits.X.debug.map -E1 -ver=XC8 Compiler \
  --acfsm=1493 -ASTACK=0400h-07FFh -pstack=STACK -ACODE=00h-07DBFh \
  -ACONST=00h-07DBFh -ASMALLCONST=0800h-08FFhx117,07D00h-07DBFh \
  -AMEDIUMCONST=0800h-07DBFh -ACOMRAM=01h-05Fh -AABS1=00h-03F3h,0400h-07FFh \
  -ABIGRAM=01h-03F3h,0400h-07FFh \
  -ARAM=060h-0FFh,0100h-01FFhx2,0300h-03F3h,0400h-04FFhx4 -ABANK0=060h-0FFh \
  -ABANK1=0100h-01FFh -ABANK2=0200h-02FFh -ABANK3=0300h-03F3h \
  -ABANK4=0400h-04FFh -ABANK5=0500h-05FFh -ABANK6=0600h-06FFh \
  -ABANK7=0700h-07FFh \
  -ASFR=0F60h-0F9Bh,0F9Dh-0FD3h,0FD5h-0FDAh,0FE0h-0FE2h,0FE8h-0FEAh,0FF0h-0FFCh \
  -ACONFIG=0300000h-030000Dh -AIDLOC=0200000h-0200007h \
  -preset_vec=00h,intcode,intcodelo,powerup,init -pramtop=0800h \
  -psmallconst=SMALLCONST -pmediumconst=MEDIUMCONST -pconst=CONST \
  -AFARRAM=00h-00h -AEEDATA=0F00000h-0F000FFh -peeprom_data=EEDATA \
  -prdata=COMRAM,nvrram=COMRAM,nvbit=COMRAM,rbss=COMRAM,rbit=COMRAM \
  -pfarbss=FARRAM,fardata=FARRAM,nvFARRAM=FARRAM \
  -pintsave_regs=BIGRAM,bigbss=BIGRAM,bigdata=BIGRAM -pbss=RAM \
  -pidata=CODE,irdata=CODE,ibigdata=CODE,ifardata=CODE -prparam=COMRAM \
  C:\Users\jrdin\AppData\Local\Temp\s7u4.o \
  dist/default/debug\Ex5.1_LCD_8_Bits.X.debug.o 

Object code version is 3.11

Machine type is 18F2550



                Name                               Link     Load   Length Selector   Space Scale
C:\Users\jrdin\AppData\Local\Temp\s7u4.o
                idloc                            200000   200000        8        0       5
                config                           300000   300000        E        0       4
                init                                  0        0        4        0       0
dist/default/debug\Ex5.1_LCD_8_Bits.X.debug.o
                idloc                            200000   200000        8        0       5
                config                           300000   300000        E        0       4
                smallconst                          800      800       32      400       0
                text5                               832      832       D6      419       0
                text4                               AD8      AD8       1A      56C       0
                text3                               908      908       9C      419       0
                text2                               A14      A14       44      419       0
                text1                               9A4      9A4       70      419       0
                text0                               A88      A88       30      419       0
                cstackCOMRAM                          1        1       2D        1       1
                dataCOMRAM                           2E       2E       1F        1       1
                bssCOMRAM                            4D       4D        1        1       1
                cinit                               A58      A58       30      419       0
                idataCOMRAM                         AB8      AB8       1F      419       0

TOTAL           Name                               Link     Load   Length     Space
        CLASS   STACK          

        CLASS   CODE           
                init                                  0        0        4         0
                text5                               832      832       D6         0
                text4                               AD8      AD8       1A         0
                text3                               908      908       9C         0
                text2                               A14      A14       44         0
                text1                               9A4      9A4       70         0
                text0                               A88      A88       30         0
                cinit                               A58      A58       30         0
                idataCOMRAM                         AB8      AB8       1F         0

        CLASS   CONST          

        CLASS   SMALLCONST     
                smallconst                          800      800       32         0

        CLASS   MEDIUMCONST    

        CLASS   COMRAM         
                cstackCOMRAM                          1        1       2D         1
                dataCOMRAM                           2E       2E       1F         1
                bssCOMRAM                            4D       4D        1         1

        CLASS   ABS1           

        CLASS   BIGRAM         

        CLASS   RAM            

        CLASS   BANK0          

        CLASS   BANK1          

        CLASS   BANK2          

        CLASS   BANK3          

        CLASS   BANK4          

        CLASS   BANK5          

        CLASS   BANK6          

        CLASS   BANK7          

        CLASS   SFR            

        CLASS   CONFIG         
                config                           300000   300000        E         4

        CLASS   IDLOC          
                idloc                            200000   200000        8         5

        CLASS   FARRAM         

        CLASS   EEDATA         



SEGMENTS        Name                           Load    Length   Top    Selector   Space  Class

                reset_vec                      000000  000004  000004         0       0  CODE    
                cstackCOMRAM                   000001  00004D  00004E         1       1  COMRAM  
                smallconst                     000800  000032  000832       400       0  SMALLCON
                text5                          000832  0002A5  000AD7       419       0  CODE    
                text4                          000AD8  00001A  000AF2       56C       0  CODE    


UNUSED ADDRESS RANGES

        Name                Unused          Largest block    Delta
        BANK0            000060-0000FF               A0
        BANK1            000100-0001FF              100
        BANK2            000200-0002FF              100
        BANK3            000300-0003F3               F4
        BANK4            000400-0004FF              100
        BANK5            000500-0005FF              100
        BANK6            000600-0006FF              100
        BANK7            000700-0007FF              100
        BIGRAM           00004E-0003F3              3A6
                         000400-0007FF              400
        CODE             000004-0007FF              7FC
                         000AD7-000AD7                1
                         000AF2-007DBF             72CE
        COMRAM           00004E-00005F               12
        CONST            000004-0007FF              7FC
                         000AD7-000AD7                1
                         000AF2-007DBF             72CE
        EEDATA           F00000-F000FF              100
        MEDIUMCONST      000AD7-000AD7                1
                         000AF2-007DBF             72CE
        RAM              000060-0003F3              100
                         000400-0007FF              100
        SFR              000F60-000F9B               3C
                         000F9D-000FD3               37
                         000FD5-000FDA                6
                         000FE0-000FE2                3
                         000FE8-000FEA                3
                         000FF0-000FFC                D
        SMALLCONST       000AD7-000AD7                1
                         000AF2-007DBF              100
        STACK            000400-0007FF              400

                                  Symbol Table

_CURSOR_DISPLAY_SHIFT    bssCOMRAM    00004D
_DISPLAY_CONTROL         dataCOMRAM   00004C
_PORTBbits               (abs)        000F81
_PORTCbits               (abs)        000F82
_TRISBbits               (abs)        000F93
_TRISCbits               (abs)        000F94
__HRAM                   (abs)        000000
__Habs1                  abs1         000000
__Hbank0                 bank0        000000
__Hbank1                 bank1        000000
__Hbank2                 bank2        000000
__Hbank3                 bank3        000000
__Hbank4                 bank4        000000
__Hbank5                 bank5        000000
__Hbank6                 bank6        000000
__Hbank7                 bank7        000000
__Hbigbss                bigbss       000000
__Hbigdata               bigdata      000000
__Hbigram                bigram       000000
__Hbss                   bss          000000
__HbssCOMRAM             bssCOMRAM    000000
__Hcinit                 cinit        000000
__Hclrtext               clrtext      000000
__Hcomram                comram       000000
__Hconfig                config       30000E
__Hconst                 const        000000
__HcstackCOMRAM          cstackCOMRAM 000000
__Hdata                  data         000000
__HdataCOMRAM            dataCOMRAM   000000
__Heeprom_data           eeprom_data  000000
__Hfarbss                farbss       000000
__Hfardata               fardata      000000
__Hibigdata              ibigdata     000000
__Hidata                 idata        000000
__HidataCOMRAM           idataCOMRAM  000000
__Hidloc                 idloc        200008
__Hifardata              ifardata     000000
__Hinit                  init         000004
__Hintcode               intcode      000000
__Hintcode_body          intcode_body 000000
__Hintcodelo             intcodelo    000000
__Hintentry              intentry     000000
__Hintret                intret       000000
__Hintsave_regs          intsave_regs 000000
__Hirdata                irdata       000000
__Hmediumconst           mediumconst  000000
__HnvFARRAM              nvFARRAM     000000
__Hnvbit                 nvbit        000000
__Hnvrram                nvrram       000000
__Hparam                 rparam       000000
__Hpowerup               powerup      000000
__Hram                   ram          000000
__Hramtop                ramtop       000800
__Hrbit                  rbit         000000
__Hrbss                  rbss         000000
__Hrdata                 rdata        000000
__Hreset_vec             reset_vec    000000
__Hrparam                rparam       000000
__Hsfr                   sfr          000000
__Hsmallconst            smallconst   000832
__Hspace_0               (abs)        000AF2
__Hspace_1               (abs)        00004E
__Hspace_2               (abs)        000000
__Hspace_4               (abs)        60000E
__Hstack                 stack        000000
__Hstruct                struct       000000
__Htemp                  temp         000000
__Htext                  text         000000
__Htext0                 text0        000000
__Htext1                 text1        000000
__Htext2                 text2        000000
__Htext3                 text3        000000
__Htext4                 text4        000000
__Htext5                 text5        000000
__LRAM                   (abs)        000001
__Labs1                  abs1         000000
__Lbank0                 bank0        000000
__Lbank1                 bank1        000000
__Lbank2                 bank2        000000
__Lbank3                 bank3        000000
__Lbank4                 bank4        000000
__Lbank5                 bank5        000000
__Lbank6                 bank6        000000
__Lbank7                 bank7        000000
__Lbigbss                bigbss       000000
__Lbigdata               bigdata      000000
__Lbigram                bigram       000000
__Lbss                   bss          000000
__LbssCOMRAM             bssCOMRAM    000000
__Lcinit                 cinit        000000
__Lclrtext               clrtext      000000
__Lcomram                comram       000000
__Lconfig                config       000000
__Lconst                 const        000000
__LcstackCOMRAM          cstackCOMRAM 000000
__Ldata                  data         000000
__LdataCOMRAM            dataCOMRAM   000000
__Leeprom_data           eeprom_data  000000
__Lfarbss                farbss       000000
__Lfardata               fardata      000000
__Libigdata              ibigdata     000000
__Lidata                 idata        000000
__LidataCOMRAM           idataCOMRAM  000000
__Lidloc                 idloc        000000
__Lifardata              ifardata     000000
__Linit                  init         000000
__Lintcode               intcode      000000
__Lintcode_body          intcode_body 000000
__Lintcodelo             intcodelo    000000
__Lintentry              intentry     000000
__Lintret                intret       000000
__Lintsave_regs          intsave_regs 000000
__Lirdata                irdata       000000
__Lmediumconst           mediumconst  000000
__LnvFARRAM              nvFARRAM     000000
__Lnvbit                 nvbit        000000
__Lnvrram                nvrram       000000
__Lparam                 rparam       000000
__Lpowerup               powerup      000000
__Lram                   ram          000000
__Lramtop                ramtop       000800
__Lrbit                  rbit         000000
__Lrbss                  rbss         000000
__Lrdata                 rdata        000000
__Lreset_vec             reset_vec    000000
__Lrparam                rparam       000000
__Lsfr                   sfr          000000
__Lsmallconst            smallconst   000800
__Lspace_0               (abs)        000000
__Lspace_1               (abs)        000000
__Lspace_2               (abs)        000000
__Lspace_4               (abs)        000000
__Lstack                 stack        000000
__Lstruct                struct       000000
__Ltemp                  temp         000000
__Ltext                  text         000000
__Ltext0                 text0        000000
__Ltext1                 text1        000000
__Ltext2                 text2        000000
__Ltext3                 text3        000000
__Ltext4                 text4        000000
__Ltext5                 text5        000000
__S0                     (abs)        000AF2
__S1                     (abs)        00004E
__S2                     (abs)        000000
__S4                     (abs)        000000
__S5                     (abs)        000000
___inthi_sp              stack        000000
___intlo_sp              stack        000000
___param_bank            (abs)        000000
___rparam_used           (abs)        000001
___sp                    stack        000000
__accesstop              (abs)        000060
__activetblptr           (abs)        000001
__end_of__initialization cinit        000A7A
__end_of_lcd_clear       text4        000AF2
__end_of_lcd_cmd         text5        000908
__end_of_lcd_print_Text  text2        000A58
__end_of_lcd_setCursor   text3        0009A4
__end_of_lcd_start       text1        000A14
__end_of_main            text0        000AB8
__initialization         cinit        000A58
__mediumconst            mediumconst  000000
__pbssCOMRAM             bssCOMRAM    00004D
__pcinit                 cinit        000A58
__pcstackCOMRAM          cstackCOMRAM 000001
__pdataCOMRAM            dataCOMRAM   00002E
__pidataCOMRAM           idataCOMRAM  000AB8
__psmallconst            smallconst   000800
__ptext0                 text0        000A88
__ptext1                 text1        0009A4
__ptext2                 text2        000A14
__ptext3                 text3        000908
__ptext4                 text4        000AD8
__ptext5                 text5        000832
__ramtop                 ramtop       000800
__size_of_lcd_clear      (abs)        000000
__size_of_lcd_cmd        (abs)        000000
__size_of_lcd_print_Text (abs)        000000
__size_of_lcd_setCursor  (abs)        000000
__size_of_lcd_start      (abs)        000000
__size_of_main           (abs)        000000
__smallconst             smallconst   000800
_lcd_clear               text4        000AD8
_lcd_cmd                 text5        000832
_lcd_print_Text          text2        000A14
_lcd_setCursor           text3        000908
_lcd_start               text1        0009A4
_main                    text0        000A88
end_of_initialization    cinit        000A7A
intlevel0                text         000000
intlevel1                text         000000
intlevel2                text         000000
intlevel3                text         000000
lcd_cmd@cmd              cstackCOMRAM 000003
lcd_print_Text@col       cstackCOMRAM 00002B
lcd_print_Text@dados     cstackCOMRAM 000029
lcd_print_Text@row       cstackCOMRAM 000028
lcd_setCursor@F2822      dataCOMRAM   00003D
lcd_setCursor@F2824      dataCOMRAM   00002E
lcd_setCursor@address1   cstackCOMRAM 000009
lcd_setCursor@address2   cstackCOMRAM 000018
lcd_setCursor@col        cstackCOMRAM 000027
lcd_setCursor@row        cstackCOMRAM 000004
stackhi                  (abs)        0007FF
stacklo                  (abs)        000400
start                    init         000000
start_initialization     cinit        000A58


FUNCTION INFORMATION:

 *************** function _main *****************
 Defined at:
		line 50 in file "main.c"
 Parameters:    Size  Location     Type
		None
 Auto vars:     Size  Location     Type
		None
 Return value:  Size  Location     Type
                  1    wreg      void 
 Registers used:
		wreg, fsr1l, fsr1h, fsr2l, fsr2h, status,2, status,0, tblptrl, tblptrh, tblptru, cstack
 Tracked objects:
		On entry : 
		On exit  : 
		Unchanged: 
 Data sizes:     COMRAM   BANK0   BANK1   BANK2   BANK3   BANK4   BANK5   BANK6   BANK7
      Params:         0       0       0       0       0       0       0       0       0
      Locals:         0       0       0       0       0       0       0       0       0
      Temps:          0       0       0       0       0       0       0       0       0
      Totals:         0       0       0       0       0       0       0       0       0
Total ram usage:        0 bytes
 Hardware stack levels required when called:    4
 This function calls:
		_lcd_print_Text
		_lcd_start
 This function is called by:
		Startup code after reset
 This function uses a non-reentrant model


 *************** function _lcd_start *****************
 Defined at:
		line 43 in file "LiquidCrystal.c"
 Parameters:    Size  Location     Type
		None
 Auto vars:     Size  Location     Type
		None
 Return value:  Size  Location     Type
                  1    wreg      void 
 Registers used:
		wreg, fsr1l, fsr1h, fsr2l, fsr2h, status,2, status,0, tblptrl, tblptrh, tblptru, cstack
 Tracked objects:
		On entry : 
		On exit  : 
		Unchanged: 
 Data sizes:     COMRAM   BANK0   BANK1   BANK2   BANK3   BANK4   BANK5   BANK6   BANK7
      Params:         0       0       0       0       0       0       0       0       0
      Locals:         0       0       0       0       0       0       0       0       0
      Temps:          2       0       0       0       0       0       0       0       0
      Totals:         2       0       0       0       0       0       0       0       0
Total ram usage:        2 bytes
 Hardware stack levels used:    1
 Hardware stack levels required when called:    3
 This function calls:
		_lcd_clear
		_lcd_cmd
		_lcd_print_Text
 This function is called by:
		_main
 This function uses a non-reentrant model


 *************** function _lcd_print_Text *****************
 Defined at:
		line 128 in file "LiquidCrystal.c"
 Parameters:    Size  Location     Type
  col             1    wreg     unsigned char 
  row             1   39[COMRAM] unsigned char 
  dados           2   40[COMRAM] PTR unsigned char 
		 -> STR_3(16), STR_2(17), STR_1(15), 
 Auto vars:     Size  Location     Type
  col             1   42[COMRAM] unsigned char 
 Return value:  Size  Location     Type
                  1    wreg      void 
 Registers used:
		wreg, fsr1l, fsr1h, fsr2l, fsr2h, status,2, status,0, tblptrl, tblptrh, tblptru, cstack
 Tracked objects:
		On entry : 
		On exit  : 
		Unchanged: 
 Data sizes:     COMRAM   BANK0   BANK1   BANK2   BANK3   BANK4   BANK5   BANK6   BANK7
      Params:         3       0       0       0       0       0       0       0       0
      Locals:         1       0       0       0       0       0       0       0       0
      Temps:          0       0       0       0       0       0       0       0       0
      Totals:         4       0       0       0       0       0       0       0       0
Total ram usage:        4 bytes
 Hardware stack levels used:    1
 Hardware stack levels required when called:    2
 This function calls:
		_lcd_cmd
		_lcd_setCursor
 This function is called by:
		_main
		_lcd_start
 This function uses a non-reentrant model


 *************** function _lcd_setCursor *****************
 Defined at:
		line 146 in file "LiquidCrystal.c"
 Parameters:    Size  Location     Type
  col             1    wreg     unsigned char 
  row             1    3[COMRAM] unsigned char 
 Auto vars:     Size  Location     Type
  col             1   38[COMRAM] unsigned char 
  address2       15   23[COMRAM] unsigned char [15]
  address1       15    8[COMRAM] unsigned char [15]
 Return value:  Size  Location     Type
                  1    wreg      void 
 Registers used:
		wreg, fsr1l, fsr1h, fsr2l, fsr2h, status,2, status,0, cstack
 Tracked objects:
		On entry : 
		On exit  : 
		Unchanged: 
 Data sizes:     COMRAM   BANK0   BANK1   BANK2   BANK3   BANK4   BANK5   BANK6   BANK7
      Params:         1       0       0       0       0       0       0       0       0
      Locals:        31       0       0       0       0       0       0       0       0
      Temps:          4       0       0       0       0       0       0       0       0
      Totals:        36       0       0       0       0       0       0       0       0
Total ram usage:       36 bytes
 Hardware stack levels used:    1
 Hardware stack levels required when called:    1
 This function calls:
		_lcd_cmd
 This function is called by:
		_lcd_print_Text
		_lcd_print_Byte
 This function uses a non-reentrant model


 *************** function _lcd_clear *****************
 Defined at:
		line 167 in file "LiquidCrystal.c"
 Parameters:    Size  Location     Type
		None
 Auto vars:     Size  Location     Type
		None
 Return value:  Size  Location     Type
                  1    wreg      void 
 Registers used:
		wreg, status,2, status,0, cstack
 Tracked objects:
		On entry : 
		On exit  : 
		Unchanged: 
 Data sizes:     COMRAM   BANK0   BANK1   BANK2   BANK3   BANK4   BANK5   BANK6   BANK7
      Params:         0       0       0       0       0       0       0       0       0
      Locals:         0       0       0       0       0       0       0       0       0
      Temps:          1       0       0       0       0       0       0       0       0
      Totals:         1       0       0       0       0       0       0       0       0
Total ram usage:        1 bytes
 Hardware stack levels used:    1
 Hardware stack levels required when called:    1
 This function calls:
		_lcd_cmd
 This function is called by:
		_lcd_start
 This function uses a non-reentrant model


 *************** function _lcd_cmd *****************
 Defined at:
		line 93 in file "LiquidCrystal.c"
 Parameters:    Size  Location     Type
  cmd             1    wreg     unsigned char 
 Auto vars:     Size  Location     Type
  cmd             1    2[COMRAM] unsigned char 
 Return value:  Size  Location     Type
                  1    wreg      void 
 Registers used:
		wreg, status,2, status,0
 Tracked objects:
		On entry : 
		On exit  : 
		Unchanged: 
 Data sizes:     COMRAM   BANK0   BANK1   BANK2   BANK3   BANK4   BANK5   BANK6   BANK7
      Params:         0       0       0       0       0       0       0       0       0
      Locals:         1       0       0       0       0       0       0       0       0
      Temps:          2       0       0       0       0       0       0       0       0
      Totals:         3       0       0       0       0       0       0       0       0
Total ram usage:        3 bytes
 Hardware stack levels used:    1
 This function calls:
		Nothing
 This function is called by:
		_lcd_start
		_lcd_print_Text
		_lcd_setCursor
		_lcd_clear
		_lcd_print_Byte
 This function uses a non-reentrant model



MODULE INFORMATION

Module		Function		Class		Link	Load	Size
LiquidCrystal.c
		_lcd_cmd       		CODE           	0832	0000	215
		_lcd_start     		CODE           	09A4	0000	113
		_lcd_setCursor 		CODE           	0908	0000	157
		_lcd_clear     		CODE           	0AD8	0000	27
		_lcd_print_Text		CODE           	0A14	0000	69

LiquidCrystal.c estimated size: 581

shared
		__initialization		CODE           	0A58	0000	35

shared estimated size: 35

main.c
		_main          		CODE           	0A88	0000	49

main.c estimated size: 49

