Microchip MPLAB XC8 Compiler V2.20

Linker command line:

-W-3 --edf=C:\Program Files\Microchip\xc8\v2.20\pic\dat\en_msgs.txt -cn \
  -h+dist/default/production\Ex5.1_LCD_8_Bits.X.production.sym \
  --cmf=dist/default/production\Ex5.1_LCD_8_Bits.X.production.cmf -z \
  -Q18F2550 -oC:\Users\jrdin\AppData\Local\Temp\scas.2 \
  --defsym=__MPLAB_BUILD=1 \
  -Mdist/default/production/Ex5.1_LCD_8_Bits.X.production.map -E1 \
  -ver=XC8 Compiler --acfsm=1493 -ASTACK=060h-07FFh -pstack=STACK \
  -ACODE=00h-07FFFh -ACONST=00h-07FFFh -ASMALLCONST=0800h-08FFhx120 \
  -AMEDIUMCONST=0800h-07FFFh -ACOMRAM=01h-05Fh -AABS1=00h-07FFh \
  -ABIGRAM=01h-07FFh -ARAM=060h-0FFh,0100h-01FFhx7 -ABANK0=060h-0FFh \
  -ABANK1=0100h-01FFh -ABANK2=0200h-02FFh -ABANK3=0300h-03FFh \
  -ABANK4=0400h-04FFh -ABANK5=0500h-05FFh -ABANK6=0600h-06FFh \
  -ABANK7=0700h-07FFh -ASFR=0F60h-0FFFh -ACONFIG=0300000h-030000Dh \
  -AIDLOC=0200000h-0200007h -preset_vec=00h,intcode,intcodelo,powerup,init \
  -pramtop=0800h -psmallconst=SMALLCONST -pmediumconst=MEDIUMCONST \
  -pconst=CONST -AFARRAM=00h-00h -AEEDATA=0F00000h-0F000FFh \
  -peeprom_data=EEDATA \
  -prdata=COMRAM,nvrram=COMRAM,nvbit=COMRAM,rbss=COMRAM,rbit=COMRAM \
  -pfarbss=FARRAM,fardata=FARRAM,nvFARRAM=FARRAM \
  -pintsave_regs=BIGRAM,bigbss=BIGRAM,bigdata=BIGRAM -pbss=RAM \
  -pidata=CODE,irdata=CODE,ibigdata=CODE,ifardata=CODE -prparam=COMRAM \
  C:\Users\jrdin\AppData\Local\Temp\scas.o \
  dist/default/production\Ex5.1_LCD_8_Bits.X.production.o 

Object code version is 3.11

Machine type is 18F2550



                Name                               Link     Load   Length Selector   Space Scale
C:\Users\jrdin\AppData\Local\Temp\scas.o
                idloc                            200000   200000        8        0       5
                config                           300000   300000        E        0       4
                init                                  0        0        4        0       0
dist/default/production\Ex5.1_LCD_8_Bits.X.production.o
                idloc                            200000   200000        8        0       5
                config                           300000   300000        E        0       4
                smallconst                          800      800       32      400       0
                text7                               832      832       D6      419       0
                text6                               B0C      B0C       20      419       0
                text5                               AEC      AEC       20      419       0
                text4                               B4C      B4C       1A      5A6       0
                text3                               908      908       9C      419       0
                text2                               A78      A78       44      419       0
                text1                               9A4      9A4       70      419       0
                text0                               A14      A14       64      419       0
                cstackCOMRAM                          1        1       2F        1       1
                dataCOMRAM                           30       30       1F        1       1
                bssCOMRAM                            4F       4F        1        1       1
                cinit                               ABC      ABC       30      419       0
                idataCOMRAM                         B2C      B2C       1F      419       0

TOTAL           Name                               Link     Load   Length     Space
        CLASS   STACK          

        CLASS   CODE           
                init                                  0        0        4         0
                text7                               832      832       D6         0
                text6                               B0C      B0C       20         0
                text5                               AEC      AEC       20         0
                text4                               B4C      B4C       1A         0
                text3                               908      908       9C         0
                text2                               A78      A78       44         0
                text1                               9A4      9A4       70         0
                text0                               A14      A14       64         0
                cinit                               ABC      ABC       30         0
                idataCOMRAM                         B2C      B2C       1F         0

        CLASS   CONST          

        CLASS   SMALLCONST     
                smallconst                          800      800       32         0

        CLASS   MEDIUMCONST    

        CLASS   COMRAM         
                cstackCOMRAM                          1        1       2F         1
                dataCOMRAM                           30       30       1F         1
                bssCOMRAM                            4F       4F        1         1

        CLASS   ABS1           

        CLASS   BIGRAM         

        CLASS   RAM            

        CLASS   BANK0          

        CLASS   BANK1          

        CLASS   BANK2          

        CLASS   BANK3          

        CLASS   BANK4          

        CLASS   BANK5          

        CLASS   BANK6          

        CLASS   BANK7          

        CLASS   SFR            

        CLASS   CONFIG         
                config                           300000   300000        E         4

        CLASS   IDLOC          
                idloc                            200000   200000        8         5

        CLASS   FARRAM         

        CLASS   EEDATA         



SEGMENTS        Name                           Load    Length   Top    Selector   Space  Class

                reset_vec                      000000  000004  000004         0       0  CODE    
                cstackCOMRAM                   000001  00004F  000050         1       1  COMRAM  
                smallconst                     000800  000032  000832       400       0  SMALLCON
                text7                          000832  000319  000B4B       419       0  CODE    
                text4                          000B4C  00001A  000B66       5A6       0  CODE    


UNUSED ADDRESS RANGES

        Name                Unused          Largest block    Delta
        BANK0            000060-0000FF               A0
        BANK1            000100-0001FF              100
        BANK2            000200-0002FF              100
        BANK3            000300-0003FF              100
        BANK4            000400-0004FF              100
        BANK5            000500-0005FF              100
        BANK6            000600-0006FF              100
        BANK7            000700-0007FF              100
        BIGRAM           000050-0007FF              7B0
        CODE             000004-0007FF              7FC
                         000B4B-000B4B                1
                         000B66-007FFF             749A
        COMRAM           000050-00005F               10
        CONST            000004-0007FF              7FC
                         000B4B-000B4B                1
                         000B66-007FFF             749A
        EEDATA           F00000-F000FF              100
        MEDIUMCONST      000B4B-000B4B                1
                         000B66-007FFF             749A
        RAM              000060-0007FF              100
        SFR              000F60-000FFF               A0
        SMALLCONST       000B4B-000B4B                1
                         000B66-007FFF              100
        STACK            000060-0007FF              7A0

                                  Symbol Table

_CURSOR_DISPLAY_SHIFT     bssCOMRAM    00004F
_DISPLAY_CONTROL          dataCOMRAM   00004E
_PORTBbits                (abs)        000F81
_PORTCbits                (abs)        000F82
_TRISBbits                (abs)        000F93
_TRISCbits                (abs)        000F94
__HRAM                    (abs)        000000
__Habs1                   abs1         000000
__Hbank0                  bank0        000000
__Hbank1                  bank1        000000
__Hbank2                  bank2        000000
__Hbank3                  bank3        000000
__Hbank4                  bank4        000000
__Hbank5                  bank5        000000
__Hbank6                  bank6        000000
__Hbank7                  bank7        000000
__Hbigbss                 bigbss       000000
__Hbigdata                bigdata      000000
__Hbigram                 bigram       000000
__Hbss                    bss          000000
__HbssCOMRAM              bssCOMRAM    000000
__Hcinit                  cinit        000000
__Hclrtext                clrtext      000000
__Hcomram                 comram       000000
__Hconfig                 config       30000E
__Hconst                  const        000000
__HcstackCOMRAM           cstackCOMRAM 000000
__Hdata                   data         000000
__HdataCOMRAM             dataCOMRAM   000000
__Heeprom_data            eeprom_data  000000
__Hfarbss                 farbss       000000
__Hfardata                fardata      000000
__Hibigdata               ibigdata     000000
__Hidata                  idata        000000
__HidataCOMRAM            idataCOMRAM  000000
__Hidloc                  idloc        200008
__Hifardata               ifardata     000000
__Hinit                   init         000004
__Hintcode                intcode      000000
__Hintcode_body           intcode_body 000000
__Hintcodelo              intcodelo    000000
__Hintentry               intentry     000000
__Hintret                 intret       000000
__Hintsave_regs           intsave_regs 000000
__Hirdata                 irdata       000000
__Hmediumconst            mediumconst  000000
__HnvFARRAM               nvFARRAM     000000
__Hnvbit                  nvbit        000000
__Hnvrram                 nvrram       000000
__Hparam                  rparam       000000
__Hpowerup                powerup      000000
__Hram                    ram          000000
__Hramtop                 ramtop       000800
__Hrbit                   rbit         000000
__Hrbss                   rbss         000000
__Hrdata                  rdata        000000
__Hreset_vec              reset_vec    000000
__Hrparam                 rparam       000000
__Hsfr                    sfr          000000
__Hsmallconst             smallconst   000832
__Hspace_0                (abs)        000B66
__Hspace_1                (abs)        000050
__Hspace_2                (abs)        000000
__Hspace_4                (abs)        60000E
__Hstack                  stack        000000
__Hstruct                 struct       000000
__Htemp                   temp         000000
__Htext                   text         000000
__Htext0                  text0        000000
__Htext1                  text1        000000
__Htext2                  text2        000000
__Htext3                  text3        000000
__Htext4                  text4        000000
__Htext5                  text5        000000
__Htext6                  text6        000000
__Htext7                  text7        000000
__LRAM                    (abs)        000001
__Labs1                   abs1         000000
__Lbank0                  bank0        000000
__Lbank1                  bank1        000000
__Lbank2                  bank2        000000
__Lbank3                  bank3        000000
__Lbank4                  bank4        000000
__Lbank5                  bank5        000000
__Lbank6                  bank6        000000
__Lbank7                  bank7        000000
__Lbigbss                 bigbss       000000
__Lbigdata                bigdata      000000
__Lbigram                 bigram       000000
__Lbss                    bss          000000
__LbssCOMRAM              bssCOMRAM    000000
__Lcinit                  cinit        000000
__Lclrtext                clrtext      000000
__Lcomram                 comram       000000
__Lconfig                 config       000000
__Lconst                  const        000000
__LcstackCOMRAM           cstackCOMRAM 000000
__Ldata                   data         000000
__LdataCOMRAM             dataCOMRAM   000000
__Leeprom_data            eeprom_data  000000
__Lfarbss                 farbss       000000
__Lfardata                fardata      000000
__Libigdata               ibigdata     000000
__Lidata                  idata        000000
__LidataCOMRAM            idataCOMRAM  000000
__Lidloc                  idloc        000000
__Lifardata               ifardata     000000
__Linit                   init         000000
__Lintcode                intcode      000000
__Lintcode_body           intcode_body 000000
__Lintcodelo              intcodelo    000000
__Lintentry               intentry     000000
__Lintret                 intret       000000
__Lintsave_regs           intsave_regs 000000
__Lirdata                 irdata       000000
__Lmediumconst            mediumconst  000000
__LnvFARRAM               nvFARRAM     000000
__Lnvbit                  nvbit        000000
__Lnvrram                 nvrram       000000
__Lparam                  rparam       000000
__Lpowerup                powerup      000000
__Lram                    ram          000000
__Lramtop                 ramtop       000800
__Lrbit                   rbit         000000
__Lrbss                   rbss         000000
__Lrdata                  rdata        000000
__Lreset_vec              reset_vec    000000
__Lrparam                 rparam       000000
__Lsfr                    sfr          000000
__Lsmallconst             smallconst   000800
__Lspace_0                (abs)        000000
__Lspace_1                (abs)        000000
__Lspace_2                (abs)        000000
__Lspace_4                (abs)        000000
__Lstack                  stack        000000
__Lstruct                 struct       000000
__Ltemp                   temp         000000
__Ltext                   text         000000
__Ltext0                  text0        000000
__Ltext1                  text1        000000
__Ltext2                  text2        000000
__Ltext3                  text3        000000
__Ltext4                  text4        000000
__Ltext5                  text5        000000
__Ltext6                  text6        000000
__Ltext7                  text7        000000
__S0                      (abs)        000B66
__S1                      (abs)        000050
__S2                      (abs)        000000
__S4                      (abs)        000000
__S5                      (abs)        000000
___inthi_sp               stack        000000
___intlo_sp               stack        000000
___param_bank             (abs)        000000
___rparam_used            (abs)        000001
___sp                     stack        000000
__accesstop               (abs)        000060
__activetblptr            (abs)        000001
__end_of__initialization  cinit        000ADE
__end_of_lcd_clear        text4        000B66
__end_of_lcd_cmd          text7        000908
__end_of_lcd_display_OFF  text6        000B2C
__end_of_lcd_display_ON   text5        000B0C
__end_of_lcd_print_Text   text2        000ABC
__end_of_lcd_setCursor    text3        0009A4
__end_of_lcd_start        text1        000A14
__end_of_main             text0        000A78
__initialization          cinit        000ABC
__mediumconst             mediumconst  000000
__pbssCOMRAM              bssCOMRAM    00004F
__pcinit                  cinit        000ABC
__pcstackCOMRAM           cstackCOMRAM 000001
__pdataCOMRAM             dataCOMRAM   000030
__pidataCOMRAM            idataCOMRAM  000B2C
__psmallconst             smallconst   000800
__ptext0                  text0        000A14
__ptext1                  text1        0009A4
__ptext2                  text2        000A78
__ptext3                  text3        000908
__ptext4                  text4        000B4C
__ptext5                  text5        000AEC
__ptext6                  text6        000B0C
__ptext7                  text7        000832
__ramtop                  ramtop       000800
__size_of_lcd_clear       (abs)        000000
__size_of_lcd_cmd         (abs)        000000
__size_of_lcd_display_OFF (abs)        000000
__size_of_lcd_display_ON  (abs)        000000
__size_of_lcd_print_Text  (abs)        000000
__size_of_lcd_setCursor   (abs)        000000
__size_of_lcd_start       (abs)        000000
__size_of_main            (abs)        000000
__smallconst              smallconst   000800
_lcd_clear                text4        000B4C
_lcd_cmd                  text7        000832
_lcd_display_OFF          text6        000B0C
_lcd_display_ON           text5        000AEC
_lcd_print_Text           text2        000A78
_lcd_setCursor            text3        000908
_lcd_start                text1        0009A4
_main                     text0        000A14
end_of_initialization     cinit        000ADE
intlevel0                 text         000000
intlevel1                 text         000000
intlevel2                 text         000000
intlevel3                 text         000000
lcd_cmd@cmd               cstackCOMRAM 000003
lcd_print_Text@col        cstackCOMRAM 00002B
lcd_print_Text@dados      cstackCOMRAM 000029
lcd_print_Text@row        cstackCOMRAM 000028
lcd_setCursor@F2843       dataCOMRAM   00003F
lcd_setCursor@F2845       dataCOMRAM   000030
lcd_setCursor@address1    cstackCOMRAM 000009
lcd_setCursor@address2    cstackCOMRAM 000018
lcd_setCursor@col         cstackCOMRAM 000027
lcd_setCursor@row         cstackCOMRAM 000004
stackhi                   (abs)        0007FF
stacklo                   (abs)        000060
start                     init         000000
start_initialization      cinit        000ABC


FUNCTION INFORMATION:

 *************** function _main *****************
 Defined at:
		line 50 in file "main.c"
 Parameters:    Size  Location     Type
		None
 Auto vars:     Size  Location     Type
		None
 Return value:  Size  Location     Type
                  1    wreg      void 
 Registers used:
		wreg, fsr1l, fsr1h, fsr2l, fsr2h, status,2, status,0, tblptrl, tblptrh, tblptru, cstack
 Tracked objects:
		On entry : 
		On exit  : 
		Unchanged: 
 Data sizes:     COMRAM   BANK0   BANK1   BANK2   BANK3   BANK4   BANK5   BANK6   BANK7
      Params:         0       0       0       0       0       0       0       0       0
      Locals:         0       0       0       0       0       0       0       0       0
      Temps:          2       0       0       0       0       0       0       0       0
      Totals:         2       0       0       0       0       0       0       0       0
Total ram usage:        2 bytes
 Hardware stack levels required when called:    4
 This function calls:
		_lcd_display_OFF
		_lcd_display_ON
		_lcd_print_Text
		_lcd_start
 This function is called by:
		Startup code after reset
 This function uses a non-reentrant model


 *************** function _lcd_start *****************
 Defined at:
		line 43 in file "LiquidCrystal.c"
 Parameters:    Size  Location     Type
		None
 Auto vars:     Size  Location     Type
		None
 Return value:  Size  Location     Type
                  1    wreg      void 
 Registers used:
		wreg, fsr1l, fsr1h, fsr2l, fsr2h, status,2, status,0, tblptrl, tblptrh, tblptru, cstack
 Tracked objects:
		On entry : 
		On exit  : 
		Unchanged: 
 Data sizes:     COMRAM   BANK0   BANK1   BANK2   BANK3   BANK4   BANK5   BANK6   BANK7
      Params:         0       0       0       0       0       0       0       0       0
      Locals:         0       0       0       0       0       0       0       0       0
      Temps:          2       0       0       0       0       0       0       0       0
      Totals:         2       0       0       0       0       0       0       0       0
Total ram usage:        2 bytes
 Hardware stack levels used:    1
 Hardware stack levels required when called:    3
 This function calls:
		_lcd_clear
		_lcd_cmd
		_lcd_print_Text
 This function is called by:
		_main
 This function uses a non-reentrant model


 *************** function _lcd_print_Text *****************
 Defined at:
		line 128 in file "LiquidCrystal.c"
 Parameters:    Size  Location     Type
  col             1    wreg     unsigned char 
  row             1   39[COMRAM] unsigned char 
  dados           2   40[COMRAM] PTR unsigned char 
		 -> STR_3(16), STR_2(17), STR_1(15), 
 Auto vars:     Size  Location     Type
  col             1   42[COMRAM] unsigned char 
 Return value:  Size  Location     Type
                  1    wreg      void 
 Registers used:
		wreg, fsr1l, fsr1h, fsr2l, fsr2h, status,2, status,0, tblptrl, tblptrh, tblptru, cstack
 Tracked objects:
		On entry : 
		On exit  : 
		Unchanged: 
 Data sizes:     COMRAM   BANK0   BANK1   BANK2   BANK3   BANK4   BANK5   BANK6   BANK7
      Params:         3       0       0       0       0       0       0       0       0
      Locals:         1       0       0       0       0       0       0       0       0
      Temps:          0       0       0       0       0       0       0       0       0
      Totals:         4       0       0       0       0       0       0       0       0
Total ram usage:        4 bytes
 Hardware stack levels used:    1
 Hardware stack levels required when called:    2
 This function calls:
		_lcd_cmd
		_lcd_setCursor
 This function is called by:
		_main
		_lcd_start
 This function uses a non-reentrant model


 *************** function _lcd_setCursor *****************
 Defined at:
		line 251 in file "LiquidCrystal.c"
 Parameters:    Size  Location     Type
  col             1    wreg     unsigned char 
  row             1    3[COMRAM] unsigned char 
 Auto vars:     Size  Location     Type
  col             1   38[COMRAM] unsigned char 
  address2       15   23[COMRAM] unsigned char [15]
  address1       15    8[COMRAM] unsigned char [15]
 Return value:  Size  Location     Type
                  1    wreg      void 
 Registers used:
		wreg, fsr1l, fsr1h, fsr2l, fsr2h, status,2, status,0, cstack
 Tracked objects:
		On entry : 
		On exit  : 
		Unchanged: 
 Data sizes:     COMRAM   BANK0   BANK1   BANK2   BANK3   BANK4   BANK5   BANK6   BANK7
      Params:         1       0       0       0       0       0       0       0       0
      Locals:        31       0       0       0       0       0       0       0       0
      Temps:          4       0       0       0       0       0       0       0       0
      Totals:        36       0       0       0       0       0       0       0       0
Total ram usage:       36 bytes
 Hardware stack levels used:    1
 Hardware stack levels required when called:    1
 This function calls:
		_lcd_cmd
 This function is called by:
		_lcd_print_Text
		_lcd_print_Byte
 This function uses a non-reentrant model


 *************** function _lcd_clear *****************
 Defined at:
		line 145 in file "LiquidCrystal.c"
 Parameters:    Size  Location     Type
		None
 Auto vars:     Size  Location     Type
		None
 Return value:  Size  Location     Type
                  1    wreg      void 
 Registers used:
		wreg, status,2, status,0, cstack
 Tracked objects:
		On entry : 
		On exit  : 
		Unchanged: 
 Data sizes:     COMRAM   BANK0   BANK1   BANK2   BANK3   BANK4   BANK5   BANK6   BANK7
      Params:         0       0       0       0       0       0       0       0       0
      Locals:         0       0       0       0       0       0       0       0       0
      Temps:          1       0       0       0       0       0       0       0       0
      Totals:         1       0       0       0       0       0       0       0       0
Total ram usage:        1 bytes
 Hardware stack levels used:    1
 Hardware stack levels required when called:    1
 This function calls:
		_lcd_cmd
 This function is called by:
		_lcd_start
 This function uses a non-reentrant model


 *************** function _lcd_display_ON *****************
 Defined at:
		line 158 in file "LiquidCrystal.c"
 Parameters:    Size  Location     Type
		None
 Auto vars:     Size  Location     Type
		None
 Return value:  Size  Location     Type
                  1    wreg      void 
 Registers used:
		wreg, status,2, status,0, cstack
 Tracked objects:
		On entry : 
		On exit  : 
		Unchanged: 
 Data sizes:     COMRAM   BANK0   BANK1   BANK2   BANK3   BANK4   BANK5   BANK6   BANK7
      Params:         0       0       0       0       0       0       0       0       0
      Locals:         0       0       0       0       0       0       0       0       0
      Temps:          1       0       0       0       0       0       0       0       0
      Totals:         1       0       0       0       0       0       0       0       0
Total ram usage:        1 bytes
 Hardware stack levels used:    1
 Hardware stack levels required when called:    1
 This function calls:
		_lcd_cmd
 This function is called by:
		_main
 This function uses a non-reentrant model


 *************** function _lcd_display_OFF *****************
 Defined at:
		line 174 in file "LiquidCrystal.c"
 Parameters:    Size  Location     Type
		None
 Auto vars:     Size  Location     Type
		None
 Return value:  Size  Location     Type
                  1    wreg      void 
 Registers used:
		wreg, status,2, status,0, cstack
 Tracked objects:
		On entry : 
		On exit  : 
		Unchanged: 
 Data sizes:     COMRAM   BANK0   BANK1   BANK2   BANK3   BANK4   BANK5   BANK6   BANK7
      Params:         0       0       0       0       0       0       0       0       0
      Locals:         0       0       0       0       0       0       0       0       0
      Temps:          1       0       0       0       0       0       0       0       0
      Totals:         1       0       0       0       0       0       0       0       0
Total ram usage:        1 bytes
 Hardware stack levels used:    1
 Hardware stack levels required when called:    1
 This function calls:
		_lcd_cmd
 This function is called by:
		_main
 This function uses a non-reentrant model


 *************** function _lcd_cmd *****************
 Defined at:
		line 93 in file "LiquidCrystal.c"
 Parameters:    Size  Location     Type
  cmd             1    wreg     unsigned char 
 Auto vars:     Size  Location     Type
  cmd             1    2[COMRAM] unsigned char 
 Return value:  Size  Location     Type
                  1    wreg      void 
 Registers used:
		wreg, status,2, status,0
 Tracked objects:
		On entry : 
		On exit  : 
		Unchanged: 
 Data sizes:     COMRAM   BANK0   BANK1   BANK2   BANK3   BANK4   BANK5   BANK6   BANK7
      Params:         0       0       0       0       0       0       0       0       0
      Locals:         1       0       0       0       0       0       0       0       0
      Temps:          2       0       0       0       0       0       0       0       0
      Totals:         3       0       0       0       0       0       0       0       0
Total ram usage:        3 bytes
 Hardware stack levels used:    1
 This function calls:
		Nothing
 This function is called by:
		_lcd_start
		_lcd_print_Text
		_lcd_clear
		_lcd_display_ON
		_lcd_display_OFF
		_lcd_setCursor
		_lcd_print_Byte
		_lcd_cursor_ON
		_lcd_cursor_OFF
		_lcd_cursor_blink_ON
		_lcd_cursor_blink_OFF
		_lcd_shift_cursor_left
		_lcd_shift_cursor_right
		_lcd_shift_text_left
		_lcd_shift_text_right
 This function uses a non-reentrant model



MODULE INFORMATION

Module		Function		Class		Link	Load	Size
LiquidCrystal.c
		_lcd_cmd       		CODE           	0832	0000	215
		_lcd_start     		CODE           	09A4	0000	113
		_lcd_setCursor 		CODE           	0908	0000	157
		_lcd_display_ON		CODE           	0AEC	0000	33
		_lcd_clear     		CODE           	0B4C	0000	27
		_lcd_display_OFF		CODE           	0B0C	0000	33
		_lcd_print_Text		CODE           	0A78	0000	69

LiquidCrystal.c estimated size: 647

shared
		__initialization		CODE           	0ABC	0000	35

shared estimated size: 35

main.c
		_main          		CODE           	0A14	0000	101

main.c estimated size: 101

